bun test v1.3.14 (0d9b296a)

../shimmer-critic/baseline-independent.test.ts:
56 | 
57 | function assertWholeStyledGraphemes(value: string, source: string): void {
58 | 	expect(plain(value)).toBe(source);
59 | 	const boundaries = new Set([0, source.length]);
60 | 	for (const { index } of oracle.segment(source)) boundaries.add(index);
61 | 	for (const offset of generatedSgrOffsets(value)) expect(boundaries.has(offset)).toBe(true);
                                                                                      ^
error: expect(received).toBe(expected)

Expected: true
Received: false

      at assertWholeStyledGraphemes (/workspace/scratch/df37e4e44cce/public-oss-wave-20261010-1411/omp-unicode-summary/shimmer-critic/baseline-independent.test.ts:61:82)
      at <anonymous> (/workspace/scratch/df37e4e44cce/public-oss-wave-20261010-1411/omp-unicode-summary/shimmer-critic/baseline-independent.test.ts:120:6)
(fail) independent shimmer grapheme boundary contract > classic: never inserts generated SGR inside ZWJ profession as the band passes [2.44ms]
56 | 
57 | function assertWholeStyledGraphemes(value: string, source: string): void {
58 | 	expect(plain(value)).toBe(source);
59 | 	const boundaries = new Set([0, source.length]);
60 | 	for (const { index } of oracle.segment(source)) boundaries.add(index);
61 | 	for (const offset of generatedSgrOffsets(value)) expect(boundaries.has(offset)).toBe(true);
                                                                                      ^
error: expect(received).toBe(expected)

Expected: true
Received: false

      at assertWholeStyledGraphemes (/workspace/scratch/df37e4e44cce/public-oss-wave-20261010-1411/omp-unicode-summary/shimmer-critic/baseline-independent.test.ts:61:82)
      at <anonymous> (/workspace/scratch/df37e4e44cce/public-oss-wave-20261010-1411/omp-unicode-summary/shimmer-critic/baseline-independent.test.ts:120:6)
(fail) independent shimmer grapheme boundary contract > classic: never inserts generated SGR inside variation selector as the band passes [0.33ms]
56 | 
57 | function assertWholeStyledGraphemes(value: string, source: string): void {
58 | 	expect(plain(value)).toBe(source);
59 | 	const boundaries = new Set([0, source.length]);
60 | 	for (const { index } of oracle.segment(source)) boundaries.add(index);
61 | 	for (const offset of generatedSgrOffsets(value)) expect(boundaries.has(offset)).toBe(true);
                                                                                      ^
error: expect(received).toBe(expected)

Expected: true
Received: false

      at assertWholeStyledGraphemes (/workspace/scratch/df37e4e44cce/public-oss-wave-20261010-1411/omp-unicode-summary/shimmer-critic/baseline-independent.test.ts:61:82)
      at <anonymous> (/workspace/scratch/df37e4e44cce/public-oss-wave-20261010-1411/omp-unicode-summary/shimmer-critic/baseline-independent.test.ts:120:6)
(fail) independent shimmer grapheme boundary contract > classic: never inserts generated SGR inside combining mark as the band passes [0.16ms]
56 | 
57 | function assertWholeStyledGraphemes(value: string, source: string): void {
58 | 	expect(plain(value)).toBe(source);
59 | 	const boundaries = new Set([0, source.length]);
60 | 	for (const { index } of oracle.segment(source)) boundaries.add(index);
61 | 	for (const offset of generatedSgrOffsets(value)) expect(boundaries.has(offset)).toBe(true);
                                                                                      ^
error: expect(received).toBe(expected)

Expected: true
Received: false

      at assertWholeStyledGraphemes (/workspace/scratch/df37e4e44cce/public-oss-wave-20261010-1411/omp-unicode-summary/shimmer-critic/baseline-independent.test.ts:61:82)
      at <anonymous> (/workspace/scratch/df37e4e44cce/public-oss-wave-20261010-1411/omp-unicode-summary/shimmer-critic/baseline-independent.test.ts:120:6)
(fail) independent shimmer grapheme boundary contract > classic: never inserts generated SGR inside regional-indicator flag as the band passes [0.20ms]
56 | 
57 | function assertWholeStyledGraphemes(value: string, source: string): void {
58 | 	expect(plain(value)).toBe(source);
59 | 	const boundaries = new Set([0, source.length]);
60 | 	for (const { index } of oracle.segment(source)) boundaries.add(index);
61 | 	for (const offset of generatedSgrOffsets(value)) expect(boundaries.has(offset)).toBe(true);
                                                                                      ^
error: expect(received).toBe(expected)

Expected: true
Received: false

      at assertWholeStyledGraphemes (/workspace/scratch/df37e4e44cce/public-oss-wave-20261010-1411/omp-unicode-summary/shimmer-critic/baseline-independent.test.ts:61:82)
      at <anonymous> (/workspace/scratch/df37e4e44cce/public-oss-wave-20261010-1411/omp-unicode-summary/shimmer-critic/baseline-independent.test.ts:120:6)
(fail) independent shimmer grapheme boundary contract > classic: never inserts generated SGR inside family ZWJ chain as the band passes [0.14ms]
56 | 
57 | function assertWholeStyledGraphemes(value: string, source: string): void {
58 | 	expect(plain(value)).toBe(source);
59 | 	const boundaries = new Set([0, source.length]);
60 | 	for (const { index } of oracle.segment(source)) boundaries.add(index);
61 | 	for (const offset of generatedSgrOffsets(value)) expect(boundaries.has(offset)).toBe(true);
                                                                                      ^
error: expect(received).toBe(expected)

Expected: true
Received: false

      at assertWholeStyledGraphemes (/workspace/scratch/df37e4e44cce/public-oss-wave-20261010-1411/omp-unicode-summary/shimmer-critic/baseline-independent.test.ts:61:82)
      at <anonymous> (/workspace/scratch/df37e4e44cce/public-oss-wave-20261010-1411/omp-unicode-summary/shimmer-critic/baseline-independent.test.ts:120:6)
(fail) independent shimmer grapheme boundary contract > classic: never inserts generated SGR inside skin-tone modifier as the band passes [0.08ms]
56 | 
57 | function assertWholeStyledGraphemes(value: string, source: string): void {
58 | 	expect(plain(value)).toBe(source);
59 | 	const boundaries = new Set([0, source.length]);
60 | 	for (const { index } of oracle.segment(source)) boundaries.add(index);
61 | 	for (const offset of generatedSgrOffsets(value)) expect(boundaries.has(offset)).toBe(true);
                                                                                      ^
error: expect(received).toBe(expected)

Expected: true
Received: false

      at assertWholeStyledGraphemes (/workspace/scratch/df37e4e44cce/public-oss-wave-20261010-1411/omp-unicode-summary/shimmer-critic/baseline-independent.test.ts:61:82)
      at <anonymous> (/workspace/scratch/df37e4e44cce/public-oss-wave-20261010-1411/omp-unicode-summary/shimmer-critic/baseline-independent.test.ts:120:6)
(fail) independent shimmer grapheme boundary contract > kitt: never inserts generated SGR inside ZWJ profession as the band passes [0.45ms]
56 | 
57 | function assertWholeStyledGraphemes(value: string, source: string): void {
58 | 	expect(plain(value)).toBe(source);
59 | 	const boundaries = new Set([0, source.length]);
60 | 	for (const { index } of oracle.segment(source)) boundaries.add(index);
61 | 	for (const offset of generatedSgrOffsets(value)) expect(boundaries.has(offset)).toBe(true);
                                                                                      ^
error: expect(received).toBe(expected)

Expected: true
Received: false

      at assertWholeStyledGraphemes (/workspace/scratch/df37e4e44cce/public-oss-wave-20261010-1411/omp-unicode-summary/shimmer-critic/baseline-independent.test.ts:61:82)
      at <anonymous> (/workspace/scratch/df37e4e44cce/public-oss-wave-20261010-1411/omp-unicode-summary/shimmer-critic/baseline-independent.test.ts:120:6)
(fail) independent shimmer grapheme boundary contract > kitt: never inserts generated SGR inside variation selector as the band passes [0.89ms]
56 | 
57 | function assertWholeStyledGraphemes(value: string, source: string): void {
58 | 	expect(plain(value)).toBe(source);
59 | 	const boundaries = new Set([0, source.length]);
60 | 	for (const { index } of oracle.segment(source)) boundaries.add(index);
61 | 	for (const offset of generatedSgrOffsets(value)) expect(boundaries.has(offset)).toBe(true);
                                                                                      ^
error: expect(received).toBe(expected)

Expected: true
Received: false

      at assertWholeStyledGraphemes (/workspace/scratch/df37e4e44cce/public-oss-wave-20261010-1411/omp-unicode-summary/shimmer-critic/baseline-independent.test.ts:61:82)
      at <anonymous> (/workspace/scratch/df37e4e44cce/public-oss-wave-20261010-1411/omp-unicode-summary/shimmer-critic/baseline-independent.test.ts:120:6)
(fail) independent shimmer grapheme boundary contract > kitt: never inserts generated SGR inside combining mark as the band passes [0.58ms]
56 | 
57 | function assertWholeStyledGraphemes(value: string, source: string): void {
58 | 	expect(plain(value)).toBe(source);
59 | 	const boundaries = new Set([0, source.length]);
60 | 	for (const { index } of oracle.segment(source)) boundaries.add(index);
61 | 	for (const offset of generatedSgrOffsets(value)) expect(boundaries.has(offset)).toBe(true);
                                                                                      ^
error: expect(received).toBe(expected)

Expected: true
Received: false

      at assertWholeStyledGraphemes (/workspace/scratch/df37e4e44cce/public-oss-wave-20261010-1411/omp-unicode-summary/shimmer-critic/baseline-independent.test.ts:61:82)
      at <anonymous> (/workspace/scratch/df37e4e44cce/public-oss-wave-20261010-1411/omp-unicode-summary/shimmer-critic/baseline-independent.test.ts:120:6)
(fail) independent shimmer grapheme boundary contract > kitt: never inserts generated SGR inside regional-indicator flag as the band passes [0.35ms]
56 | 
57 | function assertWholeStyledGraphemes(value: string, source: string): void {
58 | 	expect(plain(value)).toBe(source);
59 | 	const boundaries = new Set([0, source.length]);
60 | 	for (const { index } of oracle.segment(source)) boundaries.add(index);
61 | 	for (const offset of generatedSgrOffsets(value)) expect(boundaries.has(offset)).toBe(true);
                                                                                      ^
error: expect(received).toBe(expected)

Expected: true
Received: false

      at assertWholeStyledGraphemes (/workspace/scratch/df37e4e44cce/public-oss-wave-20261010-1411/omp-unicode-summary/shimmer-critic/baseline-independent.test.ts:61:82)
      at <anonymous> (/workspace/scratch/df37e4e44cce/public-oss-wave-20261010-1411/omp-unicode-summary/shimmer-critic/baseline-independent.test.ts:120:6)
(fail) independent shimmer grapheme boundary contract > kitt: never inserts generated SGR inside family ZWJ chain as the band passes [0.19ms]
56 | 
57 | function assertWholeStyledGraphemes(value: string, source: string): void {
58 | 	expect(plain(value)).toBe(source);
59 | 	const boundaries = new Set([0, source.length]);
60 | 	for (const { index } of oracle.segment(source)) boundaries.add(index);
61 | 	for (const offset of generatedSgrOffsets(value)) expect(boundaries.has(offset)).toBe(true);
                                                                                      ^
error: expect(received).toBe(expected)

Expected: true
Received: false

      at assertWholeStyledGraphemes (/workspace/scratch/df37e4e44cce/public-oss-wave-20261010-1411/omp-unicode-summary/shimmer-critic/baseline-independent.test.ts:61:82)
      at <anonymous> (/workspace/scratch/df37e4e44cce/public-oss-wave-20261010-1411/omp-unicode-summary/shimmer-critic/baseline-independent.test.ts:120:6)
(fail) independent shimmer grapheme boundary contract > kitt: never inserts generated SGR inside skin-tone modifier as the band passes [6.45ms]
128 | 		vi.spyOn(Date, "now").mockReturnValue(467);
129 | 		// At 467 ms, positions 6/7/8/9 have high/mid/mid/low intensity.
130 | 		// The emoji covers 6..8, so its whole glyph is high; t at 9 is low.
131 | 		const output = shimmerSegments([{ text: "read: 👩‍💻tail", palette }], uiTheme);
132 | 		expect(output).toContain("\x1b[34m");
133 | 		expect(output).toContain("👩‍💻\x1b[39m\x1b[31mtail");
                       ^
error: expect(received).toContain(expected)

Expected to contain: "👩‍💻\u001b[39m\u001b[31mtail"
Received: "\u001b[32mre\u001b[39m\u001b[34mad: 👩\u001b[39m\u001b[32m‍💻\u001b[39m\u001b[31mtail\u001b[39m"

      at <anonymous> (/workspace/scratch/df37e4e44cce/public-oss-wave-20261010-1411/omp-unicode-summary/shimmer-critic/baseline-independent.test.ts:133:18)
(fail) independent shimmer grapheme boundary contract > chooses the first code point's tier and advances subsequent text by original code-point count [0.25ms]
(pass) independent shimmer grapheme boundary contract > retains exact ASCII tier placement at the fixed regression frame [0.05ms]
(pass) independent shimmer grapheme boundary contract > retains separate palettes when adjacent semantic segments split a grapheme [0.06ms]
(pass) independent shimmer grapheme boundary contract > keeps an all-empty animation empty and preserves disabled empty-segment palette emission [0.11ms]
(pass) independent shimmer grapheme boundary contract > leaves native/TSP payloads and terminal-clocked descriptors unchanged [0.22ms]
(pass) independent real wait-renderer contract > renders ZWJ profession input with existing preprocessing and whole-grapheme clipping [2.75ms]
193 | 			for (const width of [6, 7, 8, 9, 10, 11, 12, 100].map(n => n + railWidth)) {
194 | 				const rows = component.render(width);
195 | 				const raw = rows.find(row => plain(row).includes("read"));
196 | 				if (raw === undefined) throw new Error(`Missing current tool row at width ${width}`);
197 | 				const expected = expectedTruncation(full, width);
198 | 				expect(plain(raw)).toBe(expected);
                             ^
error: expect(received).toBe(expected)

Expected: "│ └ read: …"
Received: "│ └ read: ❤️…"

      at <anonymous> (/workspace/scratch/df37e4e44cce/public-oss-wave-20261010-1411/omp-unicode-summary/shimmer-critic/baseline-independent.test.ts:198:24)
(fail) independent real wait-renderer contract > renders variation selector input with existing preprocessing and whole-grapheme clipping [0.47ms]
193 | 			for (const width of [6, 7, 8, 9, 10, 11, 12, 100].map(n => n + railWidth)) {
194 | 				const rows = component.render(width);
195 | 				const raw = rows.find(row => plain(row).includes("read"));
196 | 				if (raw === undefined) throw new Error(`Missing current tool row at width ${width}`);
197 | 				const expected = expectedTruncation(full, width);
198 | 				expect(plain(raw)).toBe(expected);
                             ^
error: expect(received).toBe(expected)

Expected: "│ └ read: é…"
Received: "│ └ read: e…"

      at <anonymous> (/workspace/scratch/df37e4e44cce/public-oss-wave-20261010-1411/omp-unicode-summary/shimmer-critic/baseline-independent.test.ts:198:24)
(fail) independent real wait-renderer contract > renders combining mark input with existing preprocessing and whole-grapheme clipping [0.37ms]
193 | 			for (const width of [6, 7, 8, 9, 10, 11, 12, 100].map(n => n + railWidth)) {
194 | 				const rows = component.render(width);
195 | 				const raw = rows.find(row => plain(row).includes("read"));
196 | 				if (raw === undefined) throw new Error(`Missing current tool row at width ${width}`);
197 | 				const expected = expectedTruncation(full, width);
198 | 				expect(plain(raw)).toBe(expected);
                             ^
error: expect(received).toBe(expected)

Expected: "│ └ read: …"
Received: "│ └ read: 🇺…"

      at <anonymous> (/workspace/scratch/df37e4e44cce/public-oss-wave-20261010-1411/omp-unicode-summary/shimmer-critic/baseline-independent.test.ts:198:24)
(fail) independent real wait-renderer contract > renders regional-indicator flag input with existing preprocessing and whole-grapheme clipping [0.37ms]
(pass) independent real wait-renderer contract > renders family ZWJ chain input with existing preprocessing and whole-grapheme clipping [1.18ms]
193 | 			for (const width of [6, 7, 8, 9, 10, 11, 12, 100].map(n => n + railWidth)) {
194 | 				const rows = component.render(width);
195 | 				const raw = rows.find(row => plain(row).includes("read"));
196 | 				if (raw === undefined) throw new Error(`Missing current tool row at width ${width}`);
197 | 				const expected = expectedTruncation(full, width);
198 | 				expect(plain(raw)).toBe(expected);
                             ^
error: expect(received).toBe(expected)

Expected: "│ └ read: 👍🏽…"
Received: "│ └ read: 👍…"

      at <anonymous> (/workspace/scratch/df37e4e44cce/public-oss-wave-20261010-1411/omp-unicode-summary/shimmer-critic/baseline-independent.test.ts:198:24)
(fail) independent real wait-renderer contract > renders skin-tone modifier input with existing preprocessing and whole-grapheme clipping [0.83ms]
(pass) independent real wait-renderer contract > preserves ASCII, empty args, disabled animation, and stable rendering controls [6.57ms]

../shimmer-critic/baseline-phase-and-control.test.ts:
(pass) code-point phase remains stable beyond a full sweep > classic wraps at the original 33-code-point padded period [0.29ms]
33 | 	});
34 | 	it("KITT bounces over the original twelve-code-point range", () => {
35 | 		setShimmerMode("kitt");
36 | 		vi.spyOn(Date, "now").mockReturnValue(733);
37 | 		// 21.99 cells into a 24-cell cycle: leftward head at 2.01; emoji starts at 6.
38 | 		expect(shimmerSegments([{ text: "read: 👩‍💻tail", palette }], theme)).toBe(
                                                                             ^
error: expect(received).toBe(expected)

Expected: "[31mre[39m[34mad[39m[32m: 👩‍💻[39m[31mtail[39m"
Received: "[31mre[39m[34mad[39m[32m: 👩[39m[31m‍💻tail[39m"

      at <anonymous> (/workspace/scratch/df37e4e44cce/public-oss-wave-20261010-1411/omp-unicode-summary/shimmer-critic/baseline-phase-and-control.test.ts:38:73)
(fail) code-point phase remains stable beyond a full sweep > KITT bounces over the original twelve-code-point range [0.28ms]
(pass) isolated stable and disabled real-renderer controls > stable: renders Unicode whole and stays byte-identical across time [1.31ms]
(pass) isolated stable and disabled real-renderer controls > disabled: renders Unicode whole and stays byte-identical across time [0.70ms]

 10 pass
 18 fail
 868 expect() calls
Ran 28 tests across 2 files. [723.00ms]

EXIT_STATUS=1
